
> lbled@1.0.0 dev
> vite --host 0.0.0.0 --host 0.0.0.0 --port 5175

Port 5175 is in use, trying another one...

  VITE v8.2.2  ready in 3408 ms

  ➜  Local:   http://localhost:5176/
  ➜  Network: http://100.77.152.104:5176/  seth_lte0
5:17:21 AM [vite] (client) page reload src/main.jsx
5:21:50 AM [vite] (client) page reload src/main.jsx
5:23:31 AM [vite] (client) page reload src/main.jsx
5:31:33 AM [vite] (client) page reload src/main.jsx
5:39:46 AM [vite] (client) page reload src/main.jsx
5:44:30 AM [vite] (client) page reload src/main.jsx
5:45:47 AM [vite] (client) page reload src/main.jsx
5:55:38 AM [vite] (client) page reload src/main.jsx
5:57:51 AM [vite] (client) page reload src/main.jsx
main.jsx
3:22:17 AM [vite] (client) page reload src/main.jsx
3:25:28 AM [vite] (client) page reload src/main.jsx
3:26:40 AM [vite] (client) page reload src/main.jsx
3:30:14 AM [vite] (client) page reload src/main.jsx
3:32:04 AM [vite] (client) page reload src/main.jsx
3:32:18 AM [vite] (client) hmr update /src/style.css
3:36:44 AM [vite] (client) hmr update /src/style.css
3:40:02 AM [vite] (client) page reload src/main.jsx
3:40:16 AM [vite] (client) hmr update /src/style.css
3:44:28 AM [vite] (client) page reload src/main.jsx
3:48:36 AM [vite] (client) page reload src/main.jsx
3:48:51 AM [vite] (client) hmr update /src/style.css
3:53:05 AM [vite] (client) page reload src/main.jsx
3:53:51 AM [vite] (client) page reload src/main.jsx
3:54:35 AM [vite] (client) page reload src/main.jsx
3:59:39 AM [vite] (client) page reload src/main.jsx
4:01:33 AM [vite] (client) page reload src/main.jsx
4:02:58 AM [vite] (client) page reload src/main.jsx
4:03:12 AM [vite] (client) hmr update /src/style.css
4:10:13 AM [vite] (client) page reload src/main.jsx
4:10:25 AM [vite] (client) hmr update /src/style.css
5:09:11 AM [vite] (client) hmr update /src/style.css
5:10:33 AM [vite] (client) page reload src/main.jsx
5:17:21 AM [vite] (client) page reload src/main.jsx
5:21:50 AM [vite] (client) page reload src/main.jsx
5:23:31 AM [vite] (client) page reload src/main.jsx
5:31:33 AM [vite] (client) page reload src/main.jsx
5:39:46 AM [vite] (client) page reload src/main.jsx
5:44:30 AM [vite] (client) page reload src/main.jsx
5:45:47 AM [vite] (client) page reload src/main.jsx
5:55:38 AM [vite] (client) page reload src/main.jsx
5:57:51 AM [vite] (client) page reload src/main.jsx
